args: ('domain_driven_design', 'value_objects') => {'exit_code': 0, 'errors': None}
args: ('domain_driven_design', 'github_actions') => {'exit_code': 0, 'errors': None}
args: ('domain_driven_design', 'github_issues_template') => {'exit_code': 0, 'errors': None}
args: ('domain_driven_design', 'makefile') => {'exit_code': 0, 'errors': None}
args: ('domain_driven_design', 'logger') => {'exit_code': 0, 'errors': None}
args: ('domain_driven_design', 'event_bus') => {'exit_code': 0, 'errors': None}
args: ('domain_driven_design', 'async_sqlalchemy') => {'exit_code': 0, 'errors': None}
args: ('domain_driven_design', 'async_alembic') => {'exit_code': 0, 'errors': None}
args: ('domain_driven_design', 'fastapi_application') => {'exit_code': 0, 'errors': None}
args: ('domain_driven_design', 'precommit_hook') => {'exit_code': 0, 'errors': None}
args: ('domain_driven_design', 'citation_file') => {'exit_code': 0, 'errors': None}
args: ('domain_driven_design', 'security_file') => {'exit_code': 0, 'errors': None}
args: ('clean_architecture', 'value_objects') => {'exit_code': 0, 'errors': None}
args: ('clean_architecture', 'github_actions') => {'exit_code': 0, 'errors': None}
args: ('clean_architecture', 'github_issues_template') => {'exit_code': 0, 'errors': None}
args: ('clean_architecture', 'makefile') => {'exit_code': 0, 'errors': None}
args: ('clean_architecture', 'logger') => {'exit_code': 0, 'errors': None}
args: ('clean_architecture', 'event_bus') => {'exit_code': 0, 'errors': None}
args: ('clean_architecture', 'async_sqlalchemy') => {'exit_code': 0, 'errors': None}
args: ('clean_architecture', 'async_alembic') => {'exit_code': 0, 'errors': None}
args: ('clean_architecture', 'fastapi_application') => {'exit_code': 0, 'errors': None}
args: ('clean_architecture', 'precommit_hook') => {'exit_code': 0, 'errors': None}
args: ('clean_architecture', 'citation_file') => {'exit_code': 0, 'errors': None}
args: ('clean_architecture', 'security_file') => {'exit_code': 0, 'errors': None}
args: ('standard_project', 'value_objects') => {'exit_code': 0, 'errors': None}
args: ('standard_project', 'github_actions') => {'exit_code': 0, 'errors': None}
args: ('standard_project', 'github_issues_template') => {'exit_code': 0, 'errors': None}
args: ('standard_project', 'makefile') => {'exit_code': 0, 'errors': None}
args: ('standard_project', 'logger') => {'exit_code': 0, 'errors': None}
args: ('standard_project', 'event_bus') => {'exit_code': 1, 'errors': CalledProcessError(2, 'uvx ruff format')}
args: ('standard_project', 'async_sqlalchemy') => {'exit_code': 0, 'errors': None}
args: ('standard_project', 'async_alembic') => {'exit_code': 0, 'errors': None}
args: ('standard_project', 'fastapi_application') => {'exit_code': 0, 'errors': None}
args: ('standard_project', 'precommit_hook') => {'exit_code': 0, 'errors': None}
args: ('standard_project', 'citation_file') => {'exit_code': 0, 'errors': None}
args: ('standard_project', 'security_file') => {'exit_code': 0, 'errors': None}
args: ('custom', 'value_objects') => {'exit_code': 1, 'errors': TemplateNotFound('project_structure/custom/main_structure.yml.j2')}
args: ('custom', 'github_actions') => {'exit_code': 1, 'errors': TemplateNotFound('project_structure/custom/main_structure.yml.j2')}
args: ('custom', 'github_issues_template') => {'exit_code': 1, 'errors': TemplateNotFound('project_structure/custom/main_structure.yml.j2')}
args: ('custom', 'makefile') => {'exit_code': 1, 'errors': TemplateNotFound('project_structure/custom/main_structure.yml.j2')}
args: ('custom', 'logger') => {'exit_code': 1, 'errors': TemplateNotFound('project_structure/custom/main_structure.yml.j2')}
args: ('custom', 'event_bus') => {'exit_code': 1, 'errors': TemplateNotFound('project_structure/custom/main_structure.yml.j2')}
args: ('custom', 'async_sqlalchemy') => {'exit_code': 1, 'errors': TemplateNotFound('project_structure/custom/main_structure.yml.j2')}
args: ('custom', 'async_alembic') => {'exit_code': 1, 'errors': TemplateNotFound('project_structure/custom/main_structure.yml.j2')}
args: ('custom', 'fastapi_application') => {'exit_code': 1, 'errors': TemplateNotFound('project_structure/custom/main_structure.yml.j2')}
args: ('custom', 'precommit_hook') => {'exit_code': 1, 'errors': TemplateNotFound('project_structure/custom/main_structure.yml.j2')}
args: ('custom', 'citation_file') => {'exit_code': 1, 'errors': TemplateNotFound('project_structure/custom/main_structure.yml.j2')}
args: ('custom', 'security_file') => {'exit_code': 1, 'errors': TemplateNotFound('project_structure/custom/main_structure.yml.j2')}
