args: (True,) => {'exit_code': 0, 'errors': None}
args: (False,) => {'exit_code': 0, 'errors': None}
